<?xml version="1.0" encoding="UTF-8"?>
<testng-results ignored="0" total="4" passed="4" failed="0" skipped="0">
  <reporter-output>
  </reporter-output>
  <suite started-at="2024-03-29T19:40:41 IST" name="API Test case suite e-commerce application - QTRIP" finished-at="2024-03-29T19:40:57 IST" duration-ms="15944">
    <groups>
      <group name="API Tests">
        <method signature="testCase_API_01.Registration()[pri:0, instance:qtriptest.APITests.testCase_API_01@72bc6553]" name="Registration" class="qtriptest.APITests.testCase_API_01"/>
        <method signature="testCase_API_02.citySearch()[pri:0, instance:qtriptest.APITests.testCase_API_02@1f9e9475]" name="citySearch" class="qtriptest.APITests.testCase_API_02"/>
        <method signature="testCase_API_03.verifyReservation()[pri:0, instance:qtriptest.APITests.testCase_API_03@66ea810]" name="verifyReservation" class="qtriptest.APITests.testCase_API_03"/>
        <method signature="testCase_API_04.verifyReservation()[pri:0, instance:qtriptest.APITests.testCase_API_04@2f953efd]" name="verifyReservation" class="qtriptest.APITests.testCase_API_04"/>
      </group> <!-- API Tests -->
    </groups>
    <test started-at="2024-03-29T19:40:41 IST" name="testCase_API_01" finished-at="2024-03-29T19:40:47 IST" duration-ms="6877">
      <class name="qtriptest.APITests.testCase_API_01">
        <test-method signature="Registration()[pri:0, instance:qtriptest.APITests.testCase_API_01@72bc6553]" started-at="2024-03-29T19:40:41 IST" name="Registration" description="User Registration - Verify that a new user can be registered and login using APIs of QTrip" finished-at="2024-03-29T19:40:47 IST" duration-ms="6766" status="PASS">
          <reporter-output>
          </reporter-output>
        </test-method> <!-- Registration -->
      </class> <!-- qtriptest.APITests.testCase_API_01 -->
    </test> <!-- testCase_API_01 -->
    <test started-at="2024-03-29T19:40:47 IST" name="testCase_API_02" finished-at="2024-03-29T19:40:50 IST" duration-ms="2068">
      <class name="qtriptest.APITests.testCase_API_02">
        <test-method signature="citySearch()[pri:0, instance:qtriptest.APITests.testCase_API_02@1f9e9475]" started-at="2024-03-29T19:40:47 IST" name="citySearch" description="Search City - Verify that the search City API Returns the correct number of results" finished-at="2024-03-29T19:40:50 IST" duration-ms="2064" status="PASS">
          <reporter-output>
          </reporter-output>
        </test-method> <!-- citySearch -->
      </class> <!-- qtriptest.APITests.testCase_API_02 -->
    </test> <!-- testCase_API_02 -->
    <test started-at="2024-03-29T19:40:50 IST" name="testCase_API_03" finished-at="2024-03-29T19:40:54 IST" duration-ms="4646">
      <class name="qtriptest.APITests.testCase_API_03">
        <test-method signature="verifyReservation()[pri:0, instance:qtriptest.APITests.testCase_API_03@66ea810]" started-at="2024-03-29T19:40:50 IST" name="verifyReservation" description="booking Flow - Verify that a reservation can be made using the QTrip API" finished-at="2024-03-29T19:40:54 IST" duration-ms="4643" status="PASS">
          <reporter-output>
          </reporter-output>
        </test-method> <!-- verifyReservation -->
      </class> <!-- qtriptest.APITests.testCase_API_03 -->
    </test> <!-- testCase_API_03 -->
    <test started-at="2024-03-29T19:40:54 IST" name="testCase_API_04" finished-at="2024-03-29T19:40:57 IST" duration-ms="2279">
      <class name="qtriptest.APITests.testCase_API_04">
        <test-method signature="verifyReservation()[pri:0, instance:qtriptest.APITests.testCase_API_04@2f953efd]" started-at="2024-03-29T19:40:54 IST" name="verifyReservation" description="Add a Negative Test Case - Verify that a duplicate user account cannot be created on the Qtrip Website" finished-at="2024-03-29T19:40:57 IST" duration-ms="2272" status="PASS">
          <reporter-output>
          </reporter-output>
        </test-method> <!-- verifyReservation -->
      </class> <!-- qtriptest.APITests.testCase_API_04 -->
    </test> <!-- testCase_API_04 -->
  </suite> <!-- API Test case suite e-commerce application - QTRIP -->
</testng-results>
